exports[`test compiles base 1`] = `".name-917847219 { box-sizing:border-box;color:red;-moz-box-sizing:border-box; }"`;

exports[`test compiles base w/ hyphenated pseudo 1`] = `
".name-1566645038 { box-sizing:border-box;color:red;-moz-box-sizing:border-box; }
.name-1566645038:first-of-type { color:white; }"
`;

exports[`test compiles base w/ pseudo 1`] = `
".name-2233461878 { box-sizing:border-box;color:red;-moz-box-sizing:border-box; }
.name-2233461878:hover { color:white; }"
`;

exports[`test compiles base w/ variant 1`] = `
".name-2845490580 { box-sizing:border-box;color:red;-moz-box-sizing:border-box; }
.name-em-2845490580 { color:green; }"
`;

exports[`test compiles double pseudo (intermediate) 1`] = `
".name-2319864360 { box-sizing:border-box;color:black;-moz-box-sizing:border-box; }
.name-2319864360:hover { color:white; }
.name-2319864360:hover:focus { color:red; }"
`;

exports[`test compiles double pseudo 1`] = `
".name-412780474 { box-sizing:border-box;-moz-box-sizing:border-box; }
.name-412780474:hover:focus { color:red; }"
`;

exports[`test compiles double variant 1`] = `
".name-88266418 { box-sizing:border-box;-moz-box-sizing:border-box; }
.name-em-it-88266418 { color:white; }"
`;

exports[`test compiles double variant w/ pseudo 1`] = `
".name-1352891476 { box-sizing:border-box;-moz-box-sizing:border-box; }
.name-em-it-1352891476:hover { color:white; }"
`;

exports[`test compiles double variant w/ separate variants 1`] = `
".name-3975713384 { box-sizing:border-box;-moz-box-sizing:border-box; }
.name-it-3975713384 { color:green; }
.name-em-3975713384 { color:red; }
.name-em-it-3975713384 { color:white; }"
`;

exports[`test compiles pseudo 1`] = `
".name-2156999832 { box-sizing:border-box;-moz-box-sizing:border-box; }
.name-2156999832:hover { color:white; }"
`;

exports[`test compiles to hyphenated name 1`] = `".name-2547837783 { box-sizing:border-box;text-overflow:ellipsis;-moz-box-sizing:border-box; }"`;

exports[`test compiles to numbers to px 1`] = `".name-2380892734 { box-sizing:border-box;width:10px;-moz-box-sizing:border-box; }"`;

exports[`test compiles variant 1`] = `
".name-2439838490 { box-sizing:border-box;-moz-box-sizing:border-box; }
.name-em-2439838490 { color:red; }"
`;

exports[`test compiles variant pseudo 1`] = `
".name-2170411812 { box-sizing:border-box;-moz-box-sizing:border-box; }
.name-em-2170411812:hover { color:white; }"
`;

exports[`test compiles variant w/ double pseudo (intermediate) 1`] = `
".name-1587164824 { box-sizing:border-box;-moz-box-sizing:border-box; }
.name-em-1587164824 { color:black; }
.name-em-1587164824:hover { color:white; }
.name-em-1587164824:hover:focus { color:red; }"
`;

exports[`test compiles variant w/ variant pseudo 1`] = `
".name-887113354 { box-sizing:border-box;-moz-box-sizing:border-box; }
.name-em-887113354 { color:red; }
.name-em-887113354:hover { color:white; }"
`;

exports[`test handles arrays 1`] = `".name-3158404022 { box-sizing:border-box;color:red;color:white;-moz-box-sizing:border-box; }"`;

exports[`test keeps numbers for unitless properties 1`] = `".name-1768927200 { box-sizing:border-box;order:10;-moz-box-sizing:border-box;-webkit-order:10;-ms-flex-order:10; }"`;

exports[`test skips empty values 1`] = `".name-3779141731 { box-sizing:border-box;color:red;-moz-box-sizing:border-box; }"`;
