exports[`test compiles background: {color: "#aaa"} 1`] = `".name-1427790775 { box-sizing:border-box;background-color:#aaa;-moz-box-sizing:border-box; }"`;

exports[`test compiles base 1`] = `".name-917847219 { box-sizing:border-box;color:red;-moz-box-sizing:border-box; }"`;

exports[`test compiles base w/ hyphenated pseudo 1`] = `
".name-1566645038 { box-sizing:border-box;color:red;-moz-box-sizing:border-box; }
.name-1566645038:first-of-type { color:white; }"
`;

exports[`test compiles base w/ pseudo 1`] = `
".name-2233461878 { box-sizing:border-box;color:red;-moz-box-sizing:border-box; }
.name-2233461878:hover { color:white; }"
`;

exports[`test compiles base w/ variant 1`] = `
".name-2845490580 { box-sizing:border-box;color:red;-moz-box-sizing:border-box; }
.name-em-2845490580 { color:green; }"
`;

exports[`test compiles border: {width: 1, color: "#aaa"} 1`] = `".name-1877212110 { box-sizing:border-box;border-width:1px;border-color:#aaa;-moz-box-sizing:border-box; }"`;

exports[`test compiles borderLeft: {width: 1, color: "#aaa"} 1`] = `".name-3941833314 { box-sizing:border-box;border-left-width:1px;border-left-color:#aaa;-moz-box-sizing:border-box; }"`;

exports[`test compiles boxShadow: {inset: true, x: 10, y: 10, blur: 2} 1`] = `".name-852133784 { box-sizing:border-box;box-shadow:inset 10px 10px 2px 0px #000;-moz-box-sizing:border-box; }"`;

exports[`test compiles boxShadow: {x: 10, y: 10, blur: 2} 1`] = `".name-3203728316 { box-sizing:border-box;box-shadow:10px 10px 2px 0px #000;-moz-box-sizing:border-box; }"`;

exports[`test compiles double pseudo (intermediate) 1`] = `
".name-2319864360 { box-sizing:border-box;color:black;-moz-box-sizing:border-box; }
.name-2319864360:hover { color:white; }
.name-2319864360:hover:focus { color:red; }"
`;

exports[`test compiles double pseudo 1`] = `
".name-412780474 { box-sizing:border-box;-moz-box-sizing:border-box; }
.name-412780474:hover:focus { color:red; }"
`;

exports[`test compiles double variant 1`] = `
".name-88266418 { box-sizing:border-box;-moz-box-sizing:border-box; }
.name-em-it-88266418 { color:white; }"
`;

exports[`test compiles double variant w/ pseudo 1`] = `
".name-1352891476 { box-sizing:border-box;-moz-box-sizing:border-box; }
.name-em-it-1352891476:hover { color:white; }"
`;

exports[`test compiles double variant w/ separate variants 1`] = `
".name-3975713384 { box-sizing:border-box;-moz-box-sizing:border-box; }
.name-it-3975713384 { color:green; }
.name-em-3975713384 { color:red; }
.name-em-it-3975713384 { color:white; }"
`;

exports[`test compiles margin: {top: 10, left: 20} 1`] = `".name-3870247771 { box-sizing:border-box;margin-top:10px;margin-left:20px;-moz-box-sizing:border-box; }"`;

exports[`test compiles marginH 1`] = `".name-1803550422 { box-sizing:border-box;margin-left:10px;margin-right:10px;-moz-box-sizing:border-box; }"`;

exports[`test compiles marginV 1`] = `".name-555011719 { box-sizing:border-box;margin-top:10px;margin-bottom:10px;-moz-box-sizing:border-box; }"`;

exports[`test compiles padding: {top: 10, left: 20} 1`] = `".name-1841606720 { box-sizing:border-box;padding-top:10px;padding-left:20px;-moz-box-sizing:border-box; }"`;

exports[`test compiles paddingH 1`] = `".name-641300805 { box-sizing:border-box;padding-left:10px;padding-right:10px;-moz-box-sizing:border-box; }"`;

exports[`test compiles paddingV 1`] = `".name-3636671476 { box-sizing:border-box;padding-top:10px;padding-bottom:10px;-moz-box-sizing:border-box; }"`;

exports[`test compiles pseudo 1`] = `
".name-2156999832 { box-sizing:border-box;-moz-box-sizing:border-box; }
.name-2156999832:hover { color:white; }"
`;

exports[`test compiles textShadow: {x: 10, y: 10} 1`] = `".name-2860912185 { box-sizing:border-box;text-shadow:10px 10px 0px #000;-moz-box-sizing:border-box; }"`;

exports[`test compiles to hyphenated name 1`] = `".name-2547837783 { box-sizing:border-box;text-overflow:ellipsis;-moz-box-sizing:border-box; }"`;

exports[`test compiles to numbers to px 1`] = `".name-2380892734 { box-sizing:border-box;width:10px;-moz-box-sizing:border-box; }"`;

exports[`test compiles variant 1`] = `
".name-2439838490 { box-sizing:border-box;-moz-box-sizing:border-box; }
.name-em-2439838490 { color:red; }"
`;

exports[`test compiles variant pseudo 1`] = `
".name-2170411812 { box-sizing:border-box;-moz-box-sizing:border-box; }
.name-em-2170411812:hover { color:white; }"
`;

exports[`test compiles variant w/ double pseudo (intermediate) 1`] = `
".name-1587164824 { box-sizing:border-box;-moz-box-sizing:border-box; }
.name-em-1587164824 { color:black; }
.name-em-1587164824:hover { color:white; }
.name-em-1587164824:hover:focus { color:red; }"
`;

exports[`test compiles variant w/ variant pseudo 1`] = `
".name-887113354 { box-sizing:border-box;-moz-box-sizing:border-box; }
.name-em-887113354 { color:red; }
.name-em-887113354:hover { color:white; }"
`;

exports[`test handles arrays 1`] = `".name-3158404022 { box-sizing:border-box;color:red;color:white;-moz-box-sizing:border-box; }"`;

exports[`test keeps numbers for unitless properties 1`] = `".name-1768927200 { box-sizing:border-box;order:10;-moz-box-sizing:border-box;-webkit-order:10;-ms-flex-order:10; }"`;

exports[`test skips empty values 1`] = `".name-3779141731 { box-sizing:border-box;color:red;-moz-box-sizing:border-box; }"`;
